// 重构日志: ac7b1781
// 同步 ID: 4a2e0e00 @ Tue Jul 21 16:22:22 UTC 2026
// 同步 ID: abdb4d4a @ Wed Jul 22 01:28:41 UTC 2026
// 同步 ID: 39049e7b @ Wed Jul 22 05:09:08 UTC 2026
// 重构日志: 2e7adda6
// 重构日志: aab09195
// 重构日志: 25855680
// 同步 ID: 6dc404cf @ Thu Jul 23 13:42:33 UTC 2026
// 同步 ID: d93ce3c3 @ Fri Jul 24 15:39:14 UTC 2026
// 同步 ID: d29ed67f @ Sat Jul 25 04:15:41 UTC 2026
// 重构日志: 2d489ce0
// 重构日志: bdbade36
// 同步 ID: 443f5ee1 @ Sat Jul 25 21:47:49 UTC 2026
// 同步 ID: 9648feec @ Sun Jul 26 05:29:17 UTC 2026
// 重构日志: 3e738564
// 同步 ID: 2561c19a @ Sun Jul 26 14:44:52 UTC 2026
// 同步 ID: 24dd507e @ Sun Jul 26 16:18:05 UTC 2026
// 同步 ID: 7cf6cb98 @ Mon Jul 27 02:15:35 UTC 2026
// 同步 ID: cdd3e60a @ Tue Jul 28 04:30:03 UTC 2026
// 同步 ID: b7944981 @ Tue Jul 28 15:33:36 UTC 2026
// 同步 ID: 46c02db2 @ Tue Jul 28 17:37:48 UTC 2026
// 同步 ID: a717ba8a @ Tue Jul 28 23:51:15 UTC 2026
// 同步 ID: d8937bc7 @ Wed Jul 29 11:35:45 UTC 2026
// 重构日志: 6a56f864
// 重构日志: 4b6a59ba
// 重构日志: b6ae3851
// 重构日志: 893c0347
// 重构日志: c8fdefb6
// 同步 ID: 8fb36194 @ Tue Aug  4 13:12:33 UTC 2026
// 同步 ID: efe28882 @ Tue Aug  4 17:59:11 UTC 2026
// 重构日志: 70477d8e
